Error found:
in module Test.CompileFail.RegisterAPILayerExtraHandler
at test-compile-fail/cases/RegisterAPILayerExtraHandler.purs:25:12 - 28:4 (line 25, column 12 - line 28, column 4)

  Custom error:

    registerAPILayer received an extra handler.
    Extra field: "extra"
    API shape: ( health :: Route @Symbol GET "health" (Record (() @Type))
                             ( ok :: { body :: String
                                     }
                             )
               )


while solving type class constraint

  Yoga.Fastify.Om.API.CheckAPIFieldExists "extra"
                                          (Nil @Type)
                                          ( health :: Route @Symbol GET "health" (Record (() @Type))
                                                        ( ok :: { body :: String
                                                                }
                                                        )
                                          )

while applying a function registerAPILayer
  of type ApiRecord
            { health :: Route @Symbol GET "health" (Record ...)
                          ( ok :: ...
                          )
            }
            t0
           => RowToList @Type t0 t1 => RowToList @Type t2 t3 => ValidateAPIHandlers t1 t3 t2 => NoExtraHandlers t3 t1 t0 => ResolveHandlers
                                                                                                                              ( fastify :: Fastify
                                                                                                                              | t4
                                                                                                                              )
                                                                                                                              t2
                                                                                                                              t5
                                                                                                                             => RegisterAPI t5 => Record t2
                                                                                                                                                  -> OmLayer
                                                                                                                                                       ( fastify :: Fastify
                                                                                                                                                       | t4
                                                                                                                                                       )
                                                                                                                                                       (() @Type)
                                                                                                                                                       (Record (() @Type))
  to argument { health: healthHandler
              , extra: extraHandler
              }
while checking that expression (registerAPILayer) { health: healthHandler
                                                  , extra: extraHandler
                                                  }
  has type OmLayer
             ( fastify :: Fastify
             )
             (() @Type)
             (Record (() @Type))
in value declaration apiLayer

where t0 is an unknown type
      t1 is an unknown type
      t2 is an unknown type
      t3 is an unknown type
      t5 is an unknown type
      t4 is an unknown type

See https://github.com/purescript/documentation/blob/master/errors/NoInstanceFound.md for more information,
or to contribute content related to this error.

[1 of 1] Compiling Test.CompileFail.RegisterAPILayerExtraHandler